[INFO] Scanning for projects...
[INFO] 
[INFO] -----------------------< com.hadirapp:hadir-app >-----------------------
[INFO] Building hadir-app 1.0-SNAPSHOT
[INFO]   from pom.xml
[INFO] --------------------------------[ jar ]---------------------------------
[INFO] 
[INFO] --- resources:3.3.1:resources (default-resources) @ hadir-app ---
[INFO] skip non existing resourceDirectory F:\Final-Project-SQA-Team3-main\Final-Project-SQA-Team3-main\src\main\resources
[INFO] 
[INFO] --- compiler:3.13.0:compile (default-compile) @ hadir-app ---
[INFO] Recompiling the module because of changed source code.
[INFO] Compiling 15 source files with javac [debug release 17] to target\classes
[INFO] 
[INFO] --- resources:3.3.1:testResources (default-testResources) @ hadir-app ---
[INFO] skip non existing resourceDirectory F:\Final-Project-SQA-Team3-main\Final-Project-SQA-Team3-main\src\test\resources
[INFO] 
[INFO] --- compiler:3.13.0:testCompile (default-testCompile) @ hadir-app ---
[INFO] Recompiling the module because of changed dependency.
[INFO] Compiling 3 source files with javac [debug release 17] to target\test-classes
[INFO] -------------------------------------------------------------
[ERROR] COMPILATION ERROR : 
[INFO] -------------------------------------------------------------
[ERROR] /F:/Final-Project-SQA-Team3-main/Final-Project-SQA-Team3-main/src/test/java/com/hadirapp/RequestsTest.java:[33,21] constructor LoginPage in class com.hadirapp.pages.Auth.LoginPage cannot be applied to given types;
  required: no arguments
  found:    org.openqa.selenium.WebDriver
  reason: actual and formal argument lists differ in length
[ERROR] /F:/Final-Project-SQA-Team3-main/Final-Project-SQA-Team3-main/src/test/java/com/hadirapp/RequestsTest.java:[34,21] constructor AbsenPage in class com.hadirapp.pages.Attendance.AbsenPage cannot be applied to given types;
  required: no arguments
  found:    org.openqa.selenium.WebDriver
  reason: actual and formal argument lists differ in length
[ERROR] /F:/Final-Project-SQA-Team3-main/Final-Project-SQA-Team3-main/src/test/java/com/hadirapp/RequestsTest.java:[35,22] constructor LemburPage in class com.hadirapp.pages.Requests.LemburPage cannot be applied to given types;
  required: no arguments
  found:    org.openqa.selenium.WebDriver
  reason: actual and formal argument lists differ in length
[ERROR] /F:/Final-Project-SQA-Team3-main/Final-Project-SQA-Team3-main/src/test/java/com/hadirapp/RequestsTest.java:[46,22] cannot find symbol
  symbol:   method clickLemburButton()
  location: variable absenPage of type com.hadirapp.pages.Attendance.AbsenPage
[ERROR] /F:/Final-Project-SQA-Team3-main/Final-Project-SQA-Team3-main/src/test/java/com/hadirapp/RequestsTest.java:[49,40] cannot find symbol
  symbol:   method isAjukanLemburVisible()
  location: variable absenPage of type com.hadirapp.pages.Attendance.AbsenPage
[ERROR] /F:/Final-Project-SQA-Team3-main/Final-Project-SQA-Team3-main/src/test/java/com/hadirapp/RequestsTest.java:[62,22] cannot find symbol
  symbol:   method clickLemburButton()
  location: variable absenPage of type com.hadirapp.pages.Attendance.AbsenPage
[ERROR] /F:/Final-Project-SQA-Team3-main/Final-Project-SQA-Team3-main/src/test/java/com/hadirapp/RequestsTest.java:[65,23] cannot find symbol
  symbol:   method clickAjukanLembur()
  location: variable lemburPage of type com.hadirapp.pages.Requests.LemburPage
[ERROR] /F:/Final-Project-SQA-Team3-main/Final-Project-SQA-Team3-main/src/test/java/com/hadirapp/RequestsTest.java:[72,23] cannot find symbol
  symbol:   method fillOvertimeForm(java.time.LocalDateTime,java.time.LocalDateTime,java.lang.String,java.lang.String)
  location: variable lemburPage of type com.hadirapp.pages.Requests.LemburPage
[ERROR] /F:/Final-Project-SQA-Team3-main/Final-Project-SQA-Team3-main/src/test/java/com/hadirapp/RequestsTest.java:[79,23] cannot find symbol
  symbol:   method submitOvertime()
  location: variable lemburPage of type com.hadirapp.pages.Requests.LemburPage
[ERROR] /F:/Final-Project-SQA-Team3-main/Final-Project-SQA-Team3-main/src/test/java/com/hadirapp/RequestsTest.java:[80,53] cannot find symbol
  symbol:   method waitForSubmissionResult()
  location: variable lemburPage of type com.hadirapp.pages.Requests.LemburPage
[ERROR] /F:/Final-Project-SQA-Team3-main/Final-Project-SQA-Team3-main/src/test/java/com/hadirapp/RequestsTest.java:[96,22] cannot find symbol
  symbol:   method clickLemburButton()
  location: variable absenPage of type com.hadirapp.pages.Attendance.AbsenPage
[ERROR] /F:/Final-Project-SQA-Team3-main/Final-Project-SQA-Team3-main/src/test/java/com/hadirapp/RequestsTest.java:[99,23] cannot find symbol
  symbol:   method clickAjukanLembur()
  location: variable lemburPage of type com.hadirapp.pages.Requests.LemburPage
[ERROR] /F:/Final-Project-SQA-Team3-main/Final-Project-SQA-Team3-main/src/test/java/com/hadirapp/RequestsTest.java:[104,23] cannot find symbol
  symbol:   method fillOvertimeFormWithoutJamMasuk(java.time.LocalDateTime,java.lang.String)
  location: variable lemburPage of type com.hadirapp.pages.Requests.LemburPage
[ERROR] /F:/Final-Project-SQA-Team3-main/Final-Project-SQA-Team3-main/src/test/java/com/hadirapp/RequestsTest.java:[109,23] cannot find symbol
  symbol:   method submitOvertime()
  location: variable lemburPage of type com.hadirapp.pages.Requests.LemburPage
[ERROR] /F:/Final-Project-SQA-Team3-main/Final-Project-SQA-Team3-main/src/test/java/com/hadirapp/RequestsTest.java:[110,59] cannot find symbol
  symbol:   method waitForJamMasukRequiredMessage()
  location: variable lemburPage of type com.hadirapp.pages.Requests.LemburPage
[ERROR] /F:/Final-Project-SQA-Team3-main/Final-Project-SQA-Team3-main/src/test/java/com/hadirapp/RequestsTest.java:[126,22] cannot find symbol
  symbol:   method clickLemburButton()
  location: variable absenPage of type com.hadirapp.pages.Attendance.AbsenPage
[ERROR] /F:/Final-Project-SQA-Team3-main/Final-Project-SQA-Team3-main/src/test/java/com/hadirapp/RequestsTest.java:[129,23] cannot find symbol
  symbol:   method clickAjukanLembur()
  location: variable lemburPage of type com.hadirapp.pages.Requests.LemburPage
[ERROR] /F:/Final-Project-SQA-Team3-main/Final-Project-SQA-Team3-main/src/test/java/com/hadirapp/RequestsTest.java:[134,23] cannot find symbol
  symbol:   method fillOvertimeFormWithoutJamKeluar(java.time.LocalDateTime,java.lang.String)
  location: variable lemburPage of type com.hadirapp.pages.Requests.LemburPage
[ERROR] /F:/Final-Project-SQA-Team3-main/Final-Project-SQA-Team3-main/src/test/java/com/hadirapp/RequestsTest.java:[139,23] cannot find symbol
  symbol:   method submitOvertime()
  location: variable lemburPage of type com.hadirapp.pages.Requests.LemburPage
[ERROR] /F:/Final-Project-SQA-Team3-main/Final-Project-SQA-Team3-main/src/test/java/com/hadirapp/RequestsTest.java:[140,60] cannot find symbol
  symbol:   method waitForJamKeluarRequiredMessage()
  location: variable lemburPage of type com.hadirapp.pages.Requests.LemburPage
[ERROR] /F:/Final-Project-SQA-Team3-main/Final-Project-SQA-Team3-main/src/test/java/com/hadirapp/RequestsTest.java:[156,22] cannot find symbol
  symbol:   method clickLemburButton()
  location: variable absenPage of type com.hadirapp.pages.Attendance.AbsenPage
[ERROR] /F:/Final-Project-SQA-Team3-main/Final-Project-SQA-Team3-main/src/test/java/com/hadirapp/RequestsTest.java:[159,23] cannot find symbol
  symbol:   method clickAjukanLembur()
  location: variable lemburPage of type com.hadirapp.pages.Requests.LemburPage
[ERROR] /F:/Final-Project-SQA-Team3-main/Final-Project-SQA-Team3-main/src/test/java/com/hadirapp/RequestsTest.java:[166,23] cannot find symbol
  symbol:   method fillOvertimeFormWithoutCatatan(java.time.LocalDateTime,java.time.LocalDateTime)
  location: variable lemburPage of type com.hadirapp.pages.Requests.LemburPage
[ERROR] /F:/Final-Project-SQA-Team3-main/Final-Project-SQA-Team3-main/src/test/java/com/hadirapp/RequestsTest.java:[169,23] cannot find symbol
  symbol:   method submitOvertime()
  location: variable lemburPage of type com.hadirapp.pages.Requests.LemburPage
[ERROR] /F:/Final-Project-SQA-Team3-main/Final-Project-SQA-Team3-main/src/test/java/com/hadirapp/RequestsTest.java:[170,58] cannot find symbol
  symbol:   method waitForCatatanMinimumCharacterMessage()
  location: variable lemburPage of type com.hadirapp.pages.Requests.LemburPage
[ERROR] /F:/Final-Project-SQA-Team3-main/Final-Project-SQA-Team3-main/src/test/java/com/hadirapp/RequestsTest.java:[186,22] cannot find symbol
  symbol:   method clickLemburButton()
  location: variable absenPage of type com.hadirapp.pages.Attendance.AbsenPage
[ERROR] /F:/Final-Project-SQA-Team3-main/Final-Project-SQA-Team3-main/src/test/java/com/hadirapp/RequestsTest.java:[189,23] cannot find symbol
  symbol:   method clickAjukanLembur()
  location: variable lemburPage of type com.hadirapp.pages.Requests.LemburPage
[ERROR] /F:/Final-Project-SQA-Team3-main/Final-Project-SQA-Team3-main/src/test/java/com/hadirapp/RequestsTest.java:[195,23] cannot find symbol
  symbol:   method submitOvertime()
  location: variable lemburPage of type com.hadirapp.pages.Requests.LemburPage
[ERROR] /F:/Final-Project-SQA-Team3-main/Final-Project-SQA-Team3-main/src/test/java/com/hadirapp/RequestsTest.java:[196,59] cannot find symbol
  symbol:   method waitForJamMasukRequiredMessage()
  location: variable lemburPage of type com.hadirapp.pages.Requests.LemburPage
[ERROR] /F:/Final-Project-SQA-Team3-main/Final-Project-SQA-Team3-main/src/test/java/com/hadirapp/RequestsTest.java:[197,60] cannot find symbol
  symbol:   method waitForJamKeluarRequiredMessage()
  location: variable lemburPage of type com.hadirapp.pages.Requests.LemburPage
[ERROR] /F:/Final-Project-SQA-Team3-main/Final-Project-SQA-Team3-main/src/test/java/com/hadirapp/RequestsTest.java:[198,58] cannot find symbol
  symbol:   method waitForCatatanMinimumCharacterMessage()
  location: variable lemburPage of type com.hadirapp.pages.Requests.LemburPage
[ERROR] /F:/Final-Project-SQA-Team3-main/Final-Project-SQA-Team3-main/src/test/java/com/hadirapp/RequestsTest.java:[218,22] cannot find symbol
  symbol:   method clickLemburButton()
  location: variable absenPage of type com.hadirapp.pages.Attendance.AbsenPage
[ERROR] /F:/Final-Project-SQA-Team3-main/Final-Project-SQA-Team3-main/src/test/java/com/hadirapp/RequestsTest.java:[221,23] cannot find symbol
  symbol:   method clickAjukanLembur()
  location: variable lemburPage of type com.hadirapp.pages.Requests.LemburPage
[ERROR] /F:/Final-Project-SQA-Team3-main/Final-Project-SQA-Team3-main/src/test/java/com/hadirapp/RequestsTest.java:[228,23] cannot find symbol
  symbol:   method fillOvertimeForm(java.time.LocalDateTime,java.time.LocalDateTime,java.lang.String,java.lang.String)
  location: variable lemburPage of type com.hadirapp.pages.Requests.LemburPage
[ERROR] /F:/Final-Project-SQA-Team3-main/Final-Project-SQA-Team3-main/src/test/java/com/hadirapp/RequestsTest.java:[235,23] cannot find symbol
  symbol:   method clickReset()
  location: variable lemburPage of type com.hadirapp.pages.Requests.LemburPage
[ERROR] /F:/Final-Project-SQA-Team3-main/Final-Project-SQA-Team3-main/src/test/java/com/hadirapp/RequestsTest.java:[238,41] cannot find symbol
  symbol:   method waitForFormFieldsEmpty()
  location: variable lemburPage of type com.hadirapp.pages.Requests.LemburPage
[ERROR] /F:/Final-Project-SQA-Team3-main/Final-Project-SQA-Team3-main/src/test/java/com/hadirapp/RequestsTest.java:[252,18] cannot find symbol
  symbol:   method open()
  location: variable loginPage of type com.hadirapp.pages.Auth.LoginPage
[ERROR] /F:/Final-Project-SQA-Team3-main/Final-Project-SQA-Team3-main/src/test/java/com/hadirapp/RequestsTest.java:[253,18] cannot find symbol
  symbol:   method login(java.lang.String,java.lang.String)
  location: variable loginPage of type com.hadirapp.pages.Auth.LoginPage
[ERROR] /F:/Final-Project-SQA-Team3-main/Final-Project-SQA-Team3-main/src/test/java/com/hadirapp/RequestsTest.java:[254,18] cannot find symbol
  symbol:   method openAbsentModule()
  location: variable absenPage of type com.hadirapp.pages.Attendance.AbsenPage
[ERROR] /F:/Final-Project-SQA-Team3-main/Final-Project-SQA-Team3-main/src/test/java/com/hadirapp/RequestsTest.java:[258,18] cannot find symbol
  symbol:   method open()
  location: variable loginPage of type com.hadirapp.pages.Auth.LoginPage
[ERROR] /F:/Final-Project-SQA-Team3-main/Final-Project-SQA-Team3-main/src/test/java/com/hadirapp/RequestsTest.java:[259,18] cannot find symbol
  symbol:   method login(java.lang.String,java.lang.String)
  location: variable loginPage of type com.hadirapp.pages.Auth.LoginPage
[ERROR] /F:/Final-Project-SQA-Team3-main/Final-Project-SQA-Team3-main/src/test/java/com/hadirapp/RequestsTest.java:[260,18] cannot find symbol
  symbol:   method ensureAbsentPage()
  location: variable absenPage of type com.hadirapp.pages.Attendance.AbsenPage
[INFO] 42 errors 
[INFO] -------------------------------------------------------------
[INFO] ------------------------------------------------------------------------
[INFO] BUILD FAILURE
[INFO] ------------------------------------------------------------------------
[INFO] Total time:  1.347 s
[INFO] Finished at: 2026-04-26T20:24:54+07:00
[INFO] ------------------------------------------------------------------------
[ERROR] Failed to execute goal org.apache.maven.plugins:maven-compiler-plugin:3.13.0:testCompile (default-testCompile) on project hadir-app: Compilation failure: Compilation failure: 
[ERROR] /F:/Final-Project-SQA-Team3-main/Final-Project-SQA-Team3-main/src/test/java/com/hadirapp/RequestsTest.java:[33,21] constructor LoginPage in class com.hadirapp.pages.Auth.LoginPage cannot be applied to given types;
[ERROR]   required: no arguments
[ERROR]   found:    org.openqa.selenium.WebDriver
[ERROR]   reason: actual and formal argument lists differ in length
[ERROR] /F:/Final-Project-SQA-Team3-main/Final-Project-SQA-Team3-main/src/test/java/com/hadirapp/RequestsTest.java:[34,21] constructor AbsenPage in class com.hadirapp.pages.Attendance.AbsenPage cannot be applied to given types;
[ERROR]   required: no arguments
[ERROR]   found:    org.openqa.selenium.WebDriver
[ERROR]   reason: actual and formal argument lists differ in length
[ERROR] /F:/Final-Project-SQA-Team3-main/Final-Project-SQA-Team3-main/src/test/java/com/hadirapp/RequestsTest.java:[35,22] constructor LemburPage in class com.hadirapp.pages.Requests.LemburPage cannot be applied to given types;
[ERROR]   required: no arguments
[ERROR]   found:    org.openqa.selenium.WebDriver
[ERROR]   reason: actual and formal argument lists differ in length
[ERROR] /F:/Final-Project-SQA-Team3-main/Final-Project-SQA-Team3-main/src/test/java/com/hadirapp/RequestsTest.java:[46,22] cannot find symbol
[ERROR]   symbol:   method clickLemburButton()
[ERROR]   location: variable absenPage of type com.hadirapp.pages.Attendance.AbsenPage
[ERROR] /F:/Final-Project-SQA-Team3-main/Final-Project-SQA-Team3-main/src/test/java/com/hadirapp/RequestsTest.java:[49,40] cannot find symbol
[ERROR]   symbol:   method isAjukanLemburVisible()
[ERROR]   location: variable absenPage of type com.hadirapp.pages.Attendance.AbsenPage
[ERROR] /F:/Final-Project-SQA-Team3-main/Final-Project-SQA-Team3-main/src/test/java/com/hadirapp/RequestsTest.java:[62,22] cannot find symbol
[ERROR]   symbol:   method clickLemburButton()
[ERROR]   location: variable absenPage of type com.hadirapp.pages.Attendance.AbsenPage
[ERROR] /F:/Final-Project-SQA-Team3-main/Final-Project-SQA-Team3-main/src/test/java/com/hadirapp/RequestsTest.java:[65,23] cannot find symbol
[ERROR]   symbol:   method clickAjukanLembur()
[ERROR]   location: variable lemburPage of type com.hadirapp.pages.Requests.LemburPage
[ERROR] /F:/Final-Project-SQA-Team3-main/Final-Project-SQA-Team3-main/src/test/java/com/hadirapp/RequestsTest.java:[72,23] cannot find symbol
[ERROR]   symbol:   method fillOvertimeForm(java.time.LocalDateTime,java.time.LocalDateTime,java.lang.String,java.lang.String)
[ERROR]   location: variable lemburPage of type com.hadirapp.pages.Requests.LemburPage
[ERROR] /F:/Final-Project-SQA-Team3-main/Final-Project-SQA-Team3-main/src/test/java/com/hadirapp/RequestsTest.java:[79,23] cannot find symbol
[ERROR]   symbol:   method submitOvertime()
[ERROR]   location: variable lemburPage of type com.hadirapp.pages.Requests.LemburPage
[ERROR] /F:/Final-Project-SQA-Team3-main/Final-Project-SQA-Team3-main/src/test/java/com/hadirapp/RequestsTest.java:[80,53] cannot find symbol
[ERROR]   symbol:   method waitForSubmissionResult()
[ERROR]   location: variable lemburPage of type com.hadirapp.pages.Requests.LemburPage
[ERROR] /F:/Final-Project-SQA-Team3-main/Final-Project-SQA-Team3-main/src/test/java/com/hadirapp/RequestsTest.java:[96,22] cannot find symbol
[ERROR]   symbol:   method clickLemburButton()
[ERROR]   location: variable absenPage of type com.hadirapp.pages.Attendance.AbsenPage
[ERROR] /F:/Final-Project-SQA-Team3-main/Final-Project-SQA-Team3-main/src/test/java/com/hadirapp/RequestsTest.java:[99,23] cannot find symbol
[ERROR]   symbol:   method clickAjukanLembur()
[ERROR]   location: variable lemburPage of type com.hadirapp.pages.Requests.LemburPage
[ERROR] /F:/Final-Project-SQA-Team3-main/Final-Project-SQA-Team3-main/src/test/java/com/hadirapp/RequestsTest.java:[104,23] cannot find symbol
[ERROR]   symbol:   method fillOvertimeFormWithoutJamMasuk(java.time.LocalDateTime,java.lang.String)
[ERROR]   location: variable lemburPage of type com.hadirapp.pages.Requests.LemburPage
[ERROR] /F:/Final-Project-SQA-Team3-main/Final-Project-SQA-Team3-main/src/test/java/com/hadirapp/RequestsTest.java:[109,23] cannot find symbol
[ERROR]   symbol:   method submitOvertime()
[ERROR]   location: variable lemburPage of type com.hadirapp.pages.Requests.LemburPage
[ERROR] /F:/Final-Project-SQA-Team3-main/Final-Project-SQA-Team3-main/src/test/java/com/hadirapp/RequestsTest.java:[110,59] cannot find symbol
[ERROR]   symbol:   method waitForJamMasukRequiredMessage()
[ERROR]   location: variable lemburPage of type com.hadirapp.pages.Requests.LemburPage
[ERROR] /F:/Final-Project-SQA-Team3-main/Final-Project-SQA-Team3-main/src/test/java/com/hadirapp/RequestsTest.java:[126,22] cannot find symbol
[ERROR]   symbol:   method clickLemburButton()
[ERROR]   location: variable absenPage of type com.hadirapp.pages.Attendance.AbsenPage
[ERROR] /F:/Final-Project-SQA-Team3-main/Final-Project-SQA-Team3-main/src/test/java/com/hadirapp/RequestsTest.java:[129,23] cannot find symbol
[ERROR]   symbol:   method clickAjukanLembur()
[ERROR]   location: variable lemburPage of type com.hadirapp.pages.Requests.LemburPage
[ERROR] /F:/Final-Project-SQA-Team3-main/Final-Project-SQA-Team3-main/src/test/java/com/hadirapp/RequestsTest.java:[134,23] cannot find symbol
[ERROR]   symbol:   method fillOvertimeFormWithoutJamKeluar(java.time.LocalDateTime,java.lang.String)
[ERROR]   location: variable lemburPage of type com.hadirapp.pages.Requests.LemburPage
[ERROR] /F:/Final-Project-SQA-Team3-main/Final-Project-SQA-Team3-main/src/test/java/com/hadirapp/RequestsTest.java:[139,23] cannot find symbol
[ERROR]   symbol:   method submitOvertime()
[ERROR]   location: variable lemburPage of type com.hadirapp.pages.Requests.LemburPage
[ERROR] /F:/Final-Project-SQA-Team3-main/Final-Project-SQA-Team3-main/src/test/java/com/hadirapp/RequestsTest.java:[140,60] cannot find symbol
[ERROR]   symbol:   method waitForJamKeluarRequiredMessage()
[ERROR]   location: variable lemburPage of type com.hadirapp.pages.Requests.LemburPage
[ERROR] /F:/Final-Project-SQA-Team3-main/Final-Project-SQA-Team3-main/src/test/java/com/hadirapp/RequestsTest.java:[156,22] cannot find symbol
[ERROR]   symbol:   method clickLemburButton()
[ERROR]   location: variable absenPage of type com.hadirapp.pages.Attendance.AbsenPage
[ERROR] /F:/Final-Project-SQA-Team3-main/Final-Project-SQA-Team3-main/src/test/java/com/hadirapp/RequestsTest.java:[159,23] cannot find symbol
[ERROR]   symbol:   method clickAjukanLembur()
[ERROR]   location: variable lemburPage of type com.hadirapp.pages.Requests.LemburPage
[ERROR] /F:/Final-Project-SQA-Team3-main/Final-Project-SQA-Team3-main/src/test/java/com/hadirapp/RequestsTest.java:[166,23] cannot find symbol
[ERROR]   symbol:   method fillOvertimeFormWithoutCatatan(java.time.LocalDateTime,java.time.LocalDateTime)
[ERROR]   location: variable lemburPage of type com.hadirapp.pages.Requests.LemburPage
[ERROR] /F:/Final-Project-SQA-Team3-main/Final-Project-SQA-Team3-main/src/test/java/com/hadirapp/RequestsTest.java:[169,23] cannot find symbol
[ERROR]   symbol:   method submitOvertime()
[ERROR]   location: variable lemburPage of type com.hadirapp.pages.Requests.LemburPage
[ERROR] /F:/Final-Project-SQA-Team3-main/Final-Project-SQA-Team3-main/src/test/java/com/hadirapp/RequestsTest.java:[170,58] cannot find symbol
[ERROR]   symbol:   method waitForCatatanMinimumCharacterMessage()
[ERROR]   location: variable lemburPage of type com.hadirapp.pages.Requests.LemburPage
[ERROR] /F:/Final-Project-SQA-Team3-main/Final-Project-SQA-Team3-main/src/test/java/com/hadirapp/RequestsTest.java:[186,22] cannot find symbol
[ERROR]   symbol:   method clickLemburButton()
[ERROR]   location: variable absenPage of type com.hadirapp.pages.Attendance.AbsenPage
[ERROR] /F:/Final-Project-SQA-Team3-main/Final-Project-SQA-Team3-main/src/test/java/com/hadirapp/RequestsTest.java:[189,23] cannot find symbol
[ERROR]   symbol:   method clickAjukanLembur()
[ERROR]   location: variable lemburPage of type com.hadirapp.pages.Requests.LemburPage
[ERROR] /F:/Final-Project-SQA-Team3-main/Final-Project-SQA-Team3-main/src/test/java/com/hadirapp/RequestsTest.java:[195,23] cannot find symbol
[ERROR]   symbol:   method submitOvertime()
[ERROR]   location: variable lemburPage of type com.hadirapp.pages.Requests.LemburPage
[ERROR] /F:/Final-Project-SQA-Team3-main/Final-Project-SQA-Team3-main/src/test/java/com/hadirapp/RequestsTest.java:[196,59] cannot find symbol
[ERROR]   symbol:   method waitForJamMasukRequiredMessage()
[ERROR]   location: variable lemburPage of type com.hadirapp.pages.Requests.LemburPage
[ERROR] /F:/Final-Project-SQA-Team3-main/Final-Project-SQA-Team3-main/src/test/java/com/hadirapp/RequestsTest.java:[197,60] cannot find symbol
[ERROR]   symbol:   method waitForJamKeluarRequiredMessage()
[ERROR]   location: variable lemburPage of type com.hadirapp.pages.Requests.LemburPage
[ERROR] /F:/Final-Project-SQA-Team3-main/Final-Project-SQA-Team3-main/src/test/java/com/hadirapp/RequestsTest.java:[198,58] cannot find symbol
[ERROR]   symbol:   method waitForCatatanMinimumCharacterMessage()
[ERROR]   location: variable lemburPage of type com.hadirapp.pages.Requests.LemburPage
[ERROR] /F:/Final-Project-SQA-Team3-main/Final-Project-SQA-Team3-main/src/test/java/com/hadirapp/RequestsTest.java:[218,22] cannot find symbol
[ERROR]   symbol:   method clickLemburButton()
[ERROR]   location: variable absenPage of type com.hadirapp.pages.Attendance.AbsenPage
[ERROR] /F:/Final-Project-SQA-Team3-main/Final-Project-SQA-Team3-main/src/test/java/com/hadirapp/RequestsTest.java:[221,23] cannot find symbol
[ERROR]   symbol:   method clickAjukanLembur()
[ERROR]   location: variable lemburPage of type com.hadirapp.pages.Requests.LemburPage
[ERROR] /F:/Final-Project-SQA-Team3-main/Final-Project-SQA-Team3-main/src/test/java/com/hadirapp/RequestsTest.java:[228,23] cannot find symbol
[ERROR]   symbol:   method fillOvertimeForm(java.time.LocalDateTime,java.time.LocalDateTime,java.lang.String,java.lang.String)
[ERROR]   location: variable lemburPage of type com.hadirapp.pages.Requests.LemburPage
[ERROR] /F:/Final-Project-SQA-Team3-main/Final-Project-SQA-Team3-main/src/test/java/com/hadirapp/RequestsTest.java:[235,23] cannot find symbol
[ERROR]   symbol:   method clickReset()
[ERROR]   location: variable lemburPage of type com.hadirapp.pages.Requests.LemburPage
[ERROR] /F:/Final-Project-SQA-Team3-main/Final-Project-SQA-Team3-main/src/test/java/com/hadirapp/RequestsTest.java:[238,41] cannot find symbol
[ERROR]   symbol:   method waitForFormFieldsEmpty()
[ERROR]   location: variable lemburPage of type com.hadirapp.pages.Requests.LemburPage
[ERROR] /F:/Final-Project-SQA-Team3-main/Final-Project-SQA-Team3-main/src/test/java/com/hadirapp/RequestsTest.java:[252,18] cannot find symbol
[ERROR]   symbol:   method open()
[ERROR]   location: variable loginPage of type com.hadirapp.pages.Auth.LoginPage
[ERROR] /F:/Final-Project-SQA-Team3-main/Final-Project-SQA-Team3-main/src/test/java/com/hadirapp/RequestsTest.java:[253,18] cannot find symbol
[ERROR]   symbol:   method login(java.lang.String,java.lang.String)
[ERROR]   location: variable loginPage of type com.hadirapp.pages.Auth.LoginPage
[ERROR] /F:/Final-Project-SQA-Team3-main/Final-Project-SQA-Team3-main/src/test/java/com/hadirapp/RequestsTest.java:[254,18] cannot find symbol
[ERROR]   symbol:   method openAbsentModule()
[ERROR]   location: variable absenPage of type com.hadirapp.pages.Attendance.AbsenPage
[ERROR] /F:/Final-Project-SQA-Team3-main/Final-Project-SQA-Team3-main/src/test/java/com/hadirapp/RequestsTest.java:[258,18] cannot find symbol
[ERROR]   symbol:   method open()
[ERROR]   location: variable loginPage of type com.hadirapp.pages.Auth.LoginPage
[ERROR] /F:/Final-Project-SQA-Team3-main/Final-Project-SQA-Team3-main/src/test/java/com/hadirapp/RequestsTest.java:[259,18] cannot find symbol
[ERROR]   symbol:   method login(java.lang.String,java.lang.String)
[ERROR]   location: variable loginPage of type com.hadirapp.pages.Auth.LoginPage
[ERROR] /F:/Final-Project-SQA-Team3-main/Final-Project-SQA-Team3-main/src/test/java/com/hadirapp/RequestsTest.java:[260,18] cannot find symbol
[ERROR]   symbol:   method ensureAbsentPage()
[ERROR]   location: variable absenPage of type com.hadirapp.pages.Attendance.AbsenPage
[ERROR] -> [Help 1]
[ERROR] 
[ERROR] To see the full stack trace of the errors, re-run Maven with the -e switch.
[ERROR] Re-run Maven using the -X switch to enable full debug logging.
[ERROR] 
[ERROR] For more information about the errors and possible solutions, please read the following articles:
[ERROR] [Help 1] http://cwiki.apache.org/confluence/display/MAVEN/MojoFailureException
